<!doctype html>
<html lang="en">
<head>
	<meta charset="UTF-8">
	<meta name="viewport" content="width=device-width, initial-scale=1.0">
	<meta http-equiv="X-UA-Compatible" content="IE=edge">
	<title>Golden 3</title>
	<link rel="stylesheet" href="css\styles.css">
</head>
<body>
	<header>
		<div class="container">
			<div class="title clearfix">
				<img class="logo" src="img\logo.png" alt="Логотип">
				<nav>
					<ul class="menu">
						<li><a href="#">Home</a></li>
						<li><a href="#">Services</a></li>
						<li><a href="#">Portfolio</a></li>
						<li><a href="#">About</a></li>
						<li><a href="#">Contact</a></li>
					</ul>
				</nav>
			</div>
			<div class="header__one">
				<div class="first__header">
					Welcome To Our Studio!
				</div>
				<h1>
					It’s nice to Meet you
				</h1>
			</div>	
			<a class="button" href="#">Tell me more</a>
		</div>
	</header>
	<section id="services">
		<div class="container">
			<div class="header__two">
				<h2>
					Services
				</h2>
				<p>
					Proin iaculis purus consequat sem cure. 
				</p>
			</div>
			<div class="items  clearfix">
				<div class="item">
					<img src="img\icon1.png" alt="E-Commerce">
					<h3>
						E-Commerce
					</h3>
					<p>
						Proin iaculis purus consequat sem cure 
						digni ssim. Donec porttitora entum suscipit 
						aenean rhoncus posuere odio in tincidunt.
					</p>
				</div>
				<div class="item">
					<img src="img\icon2.png" alt="Responsive Web">
					<h3>
						Responsive Web
					</h3>
					<p>
						Proin iaculis purus consequat sem cure 
						digni ssim. Donec porttitora entum suscipit 
						aenean rhoncus posuere odio in tincidunt.
					</p>
				</div>
				<div class="item">
					<img src="img\icon3.png" alt="Web Security">
					<h3>
						Web Security
					</h3>
					<p>
						Proin iaculis purus consequat sem cure 
						digni ssim. Donec porttitora entum suscipit 
						aenean rhoncus posuere odio in tincidunt.
					</p>
				</div>
			</div>
		</div>
	</section>

	
	<section id="portfolio">
		<div class="container">
			<div class="header__two">
				<h2>
					Our portfolio
				</h2>
				<p>
					Proin iaculis purus consequat sem cure. 
				</p>
			</div>
			<div class="block__pictures clearfix">
				<img src="img\img1.jpg" alt="Работа">
				<img src="img\img2.jpg" alt="Работа">
				<img src="img\img3.jpg" alt="Работа">
			</div>
		</div>
	</section>

	<section id="about">
		<div class="container">
			<div class="header__two">
				<h2>
					About Us
				</h2>
				<p>
					Proin iaculis purus consequat sem cure. 
				</p>
			</div>
			<div class="odd clearfix">
				<div class="article">
					<hgroup>
						<h3>
							July 2010
						</h3>
						<h4>
							Our Humble Beginnings
						</h4>					
					</hgroup>
					<p>
						Proin iaculis purus consequat sem cure 
						digni ssim. Donec porttitora entum suscipit 
						aenean rhoncus posuere odio in tincidunt. Proin 
						iaculis purus consequat sem cure digni 
						ssim. Donec porttitora entum suscipit.	
					</p>
				</div>
				<div class="picture">
					<img src="img\about1.jpg" alt="О нас">
				</div>
			</div>
			<div class="even clearfix">
				<div class="picture">
					<img src="img\about2.jpg" alt="О нас">
				</div>					
				<div class="article">
					<hgroup>
						<h3>
							January 2011
						</h3>
						<h4>
							Facing Startup Battles
						</h4>					
					</hgroup>
					<p>
						Proin iaculis purus consequat sem cure 
						digni ssim. Donec porttitora entum suscipit 
						aenean rhoncus posuere odio in tincidunt. Proin 
						iaculis purus consequat sem cure digni 
						ssim. Donec porttitora entum suscipit aenean 
						rhoncus posuere odio in tincidunt.	
					</p>
				</div>
			</div>
			<div class="odd clearfix">
				<div class="article">
					<hgroup>
						<h3>
							December 2012
						</h3>
						<h4>
							Enter The Dark Days
						</h4>					
					</hgroup>
					<p>
						Proin iaculis purus consequat sem cure 
						digni ssim. Donec porttitora entum suscipit 
						aenean rhoncus posuere odio in tincidunt. Proin 
						iaculis purus consequat sem cure digni.	
					</p>
				</div>
				<div class="picture">
					<img src="img\about3.jpg" alt="О нас">
				</div>	
			</div>
			<div class="even clearfix">
				<div class="picture">
					<img src="img\about4.jpg" alt="О нас">
				</div>	
				<div class="article">
					<hgroup>
						<h3>
							february 2014
						</h3>
						<h4>
							Our Triumph
						</h4>					
					</hgroup>
					<p>
						Proin iaculis purus consequat sem cure 
						digni ssim. Donec porttitora entum suscipit 
						aenean rhoncus posuere odio in tincidunt. Proin 
						iaculis purus consequat sem cure digni 
						ssim. Donec porttitora entum suscipit aenean.	
					</p>
				</div>
			</div>
		</div>
	</section>

	<footer>
		<div class="container">
			<div class="copyright clearfix">
				<span>&copy; Copyright 2014</span> 
				<a href="#">FreebiesXpress.com</a>
			</div>
		</div>
	</footer>
</body>
</html>